{
  "name": "generated-schemas",
  "version": "1.0.0",
  "description": "Generated TypeScript schemas with io-ts validation",
  "main": "index.js",
  "types": "index.d.ts",
  "scripts": {
    "build": "tsc",
    "test": "jest"
  },
  "dependencies": {
    "io-ts": "^2.2.20",
    "io-ts-types": "^0.5.16",
    "fp-ts": "^2.16.1"
  },
  "devDependencies": {
    "@types/node": "^20.0.0",
    "typescript": "^5.0.0",
    "jest": "^29.0.0",
    "@types/jest": "^29.0.0"
  },
  "keywords": ["typescript", "io-ts", "validation", "openapi", "dto"],
  "license": "MIT"
}
